#-----------------------------------------------------------
# Vivado v2020.1 (64-bit)
# SW Build 2902540 on Wed May 27 19:54:49 MDT 2020
# IP Build 2902112 on Wed May 27 22:43:36 MDT 2020
# Start of session at: Wed Apr 13 13:48:51 2022
# Process ID: 3520
# Current directory: D:/Documents/xspani02/digital-electronics-1/labs/06-counter/counter
# Command line: vivado.exe -gui_launcher_event rodinguilauncherevent6864 D:\Documents\xspani02\digital-electronics-1\labs\06-counter\counter\counter.xpr
# Log file: D:/Documents/xspani02/digital-electronics-1/labs/06-counter/counter/vivado.log
# Journal file: D:/Documents/xspani02/digital-electronics-1/labs/06-counter/counter\vivado.jou
#-----------------------------------------------------------
start_gui
open_project D:/Documents/xspani02/digital-electronics-1/labs/06-counter/counter/counter.xpr
update_compile_order -fileset sources_1
# Disabling source management mode.  This is to allow the top design properties to be set without GUI intervention.
set_property source_mgmt_mode None [current_project]
set_property top tb_clock_enable [get_filesets sim_1]
set_property top_lib xil_defaultlib [get_filesets sim_1]
# Re-enabling previously disabled source management mode.
set_property source_mgmt_mode All [current_project]
update_compile_order -fileset sim_1
launch_simulation
source tb_clock_enable.tcl
close_sim
launch_simulation
source tb_clock_enable.tcl
set_property -name {xsim.simulate.runtime} -value {3000000000ns} -objects [get_filesets sim_1]
close_sim
launch_simulation
source tb_clock_enable.tcl
close_sim
launch_simulation
source tb_clock_enable.tcl
close_sim
launch_simulation
source tb_clock_enable.tcl
set_property -name {xsim.simulate.runtime} -value {1000ns} -objects [get_filesets sim_1]
close_sim
launch_simulation
source tb_clock_enable.tcl
close_sim
launch_simulation
source tb_clock_enable.tcl
set_property -name {xsim.simulate.runtime} -value {10000ns} -objects [get_filesets sim_1]
close_sim
launch_simulation
source tb_clock_enable.tcl
set_property -name {xsim.simulate.runtime} -value {3s} -objects [get_filesets sim_1]
close_sim
launch_simulation
launch_simulation
launch_simulation
source tb_clock_enable.tcl
close_sim
launch_simulation
launch_simulation
source tb_clock_enable.tcl
# Disabling source management mode.  This is to allow the top design properties to be set without GUI intervention.
set_property source_mgmt_mode None [current_project]
set_property top top [get_filesets sim_1]
set_property top_lib xil_defaultlib [get_filesets sim_1]
# Re-enabling previously disabled source management mode.
set_property source_mgmt_mode All [current_project]
update_compile_order -fileset sim_1
reset_run synth_1
launch_runs impl_1 -to_step write_bitstream -jobs 4
wait_on_run impl_1
open_hw_manager
connect_hw_server -allow_non_jtag
open_hw_target
current_hw_device [get_hw_devices xc7a50t_0]
refresh_hw_device -update_hw_probes false [lindex [get_hw_devices xc7a50t_0] 0]
reset_run synth_1
launch_runs impl_1 -to_step write_bitstream -jobs 4
wait_on_run impl_1
close_hw_manager
reset_run synth_1
launch_runs impl_1 -to_step write_bitstream -jobs 4
wait_on_run impl_1
reset_run synth_1
launch_runs impl_1 -to_step write_bitstream -jobs 4
wait_on_run impl_1
reset_run synth_1
launch_runs impl_1 -to_step write_bitstream -jobs 4
wait_on_run impl_1
open_hw_manager
connect_hw_server -allow_non_jtag
open_hw_target
set_property PROGRAM.FILE {D:/Documents/xspani02/digital-electronics-1/labs/06-counter/counter/counter.runs/impl_1/top.bit} [get_hw_devices xc7a50t_0]
current_hw_device [get_hw_devices xc7a50t_0]
refresh_hw_device -update_hw_probes false [lindex [get_hw_devices xc7a50t_0] 0]
set_property PROBES.FILE {} [get_hw_devices xc7a50t_0]
set_property FULL_PROBES.FILE {} [get_hw_devices xc7a50t_0]
set_property PROGRAM.FILE {D:/Documents/xspani02/digital-electronics-1/labs/06-counter/counter/counter.runs/impl_1/top.bit} [get_hw_devices xc7a50t_0]
program_hw_devices [get_hw_devices xc7a50t_0]
refresh_hw_device [lindex [get_hw_devices xc7a50t_0] 0]
close_hw_manager
reset_run synth_1
launch_runs impl_1 -to_step write_bitstream -jobs 4
wait_on_run impl_1
reset_run synth_1
launch_runs impl_1 -to_step write_bitstream -jobs 4
wait_on_run impl_1
open_hw_manager
connect_hw_server -allow_non_jtag
open_hw_target
set_property PROGRAM.FILE {D:/Documents/xspani02/digital-electronics-1/labs/06-counter/counter/counter.runs/impl_1/top.bit} [get_hw_devices xc7a50t_0]
current_hw_device [get_hw_devices xc7a50t_0]
refresh_hw_device -update_hw_probes false [lindex [get_hw_devices xc7a50t_0] 0]
set_property PROBES.FILE {} [get_hw_devices xc7a50t_0]
set_property FULL_PROBES.FILE {} [get_hw_devices xc7a50t_0]
set_property PROGRAM.FILE {D:/Documents/xspani02/digital-electronics-1/labs/06-counter/counter/counter.runs/impl_1/top.bit} [get_hw_devices xc7a50t_0]
program_hw_devices [get_hw_devices xc7a50t_0]
refresh_hw_device [lindex [get_hw_devices xc7a50t_0] 0]
reset_run synth_1
launch_runs impl_1 -to_step write_bitstream -jobs 4
wait_on_run impl_1
reset_run synth_1
launch_runs impl_1 -to_step write_bitstream -jobs 4
wait_on_run impl_1
save_project_as project_SVS D:/Documents/xspani02/digital-electronics-1/projekt/project_SVS -force
import_files
close_sim
